Querying peers:
    Client: tcp://127.0.0.1:8001
Server: tcp://127.0.0.1:8000
Querying peers:
    Client: tcp://127.0.0.1:8000
Server: tcp://127.0.0.1:8001
Client: tcp://127.0.0.1:8000
Client: tcp://127.0.0.1:8001
received:
    asdf:
        qwer
Client: tcp://127.0.0.1:8000
Client: tcp://127.0.0.1:8001
received:
    asdf:
        qwer
