Client: tcp://127.0.0.1:8000
Client: tcp://127.0.0.1:8001
received:
    asdf:
        qwer
Client: tcp://127.0.0.1:8000
Client: tcp://127.0.0.1:8001
received:
    asdf:
        qwer
Client: tcp://127.0.0.1:8000
Client: tcp://127.0.0.1:8001
received:
<none>
Scanning peers...
Client: tcp://127.0.0.1:8001
...done
Server: tcp://127.0.0.1:8000
Client: tcp://127.0.0.1:8000
Client: tcp://127.0.0.1:8001
received:
<none>
